分类: 📺央视频道, 名称: CCTV1, 有效: 2, IPv4: 5, IPv6: 0, 最小延迟: 6286 ms, 最高速率: 0.80 M/s, 平均速率: 0.65 M/s, 最高分辨率: 1920x1080, 平均帧率: 33.33, 视频编解码器: h264, 音频编解码器: aac
分类: 📺央视频道, 名称: CCTV2, 有效: 1, IPv4: 5, IPv6: 0, 最小延迟: 8281 ms, 最高速率: 0.61 M/s, 平均速率: 0.61 M/s, 最高分辨率: 1920x1080, 平均帧率: 41.67, 视频编解码器: h264, 音频编解码器: aac
分类: 📺央视频道, 名称: CCTV3, 有效: 1, IPv4: 5, IPv6: 0, 最小延迟: 6706 ms, 最高速率: 0.66 M/s, 平均速率: 0.66 M/s, 最高分辨率: 1920x1080, 平均帧率: 50.00, 视频编解码器: h264, 音频编解码器: aac
分类: 📺央视频道, 名称: CCTV4, 有效: 1, IPv4: 5, IPv6: 0, 最小延迟: 10063 ms, 最高速率: 0.60 M/s, 平均速率: 0.60 M/s, 最高分辨率: 1920x1080, 平均帧率: 41.67, 视频编解码器: h264, 音频编解码器: aac
分类: 📺央视频道, 名称: CCTV5+, 有效: 1, IPv4: 1, IPv6: 0, 最小延迟: 721 ms, 最高速率: 6.32 M/s, 平均速率: 6.32 M/s, 最高分辨率: 1920x1080, 平均帧率: 25.00, 视频编解码器: h264, 音频编解码器: aac
分类: 📺央视频道, 名称: CCTV5, 有效: 1, IPv4: 8, IPv6: 0, 最小延迟: 4294 ms, 最高速率: 1.16 M/s, 平均速率: 1.16 M/s, 最高分辨率: 1920x1080, 平均帧率: 50.00, 视频编解码器: h264, 音频编解码器: aac
分类: 📺央视频道, 名称: CCTV6, 有效: 0, IPv4: 5, IPv6: 0, 最小延迟: 10438 ms, 最高速率: 0.38 M/s, 平均速率: 0.00 M/s, 最高分辨率: 1920x1080, 平均帧率: 50.00, 视频编解码器: h264, 音频编解码器: aac
分类: 📺央视频道, 名称: CCTV7, 有效: 0, IPv4: 5, IPv6: 0, 最小延迟: 10038 ms, 最高速率: 0.49 M/s, 平均速率: 0.00 M/s, 最高分辨率: 1920x1080, 平均帧率: 37.50, 视频编解码器: h264, 音频编解码器: aac
分类: 📺央视频道, 名称: CCTV8, 有效: 1, IPv4: 5, IPv6: 0, 最小延迟: 6100 ms, 最高速率: 0.65 M/s, 平均速率: 0.65 M/s, 最高分辨率: 1920x1080, 平均帧率: 50.00, 视频编解码器: h264, 音频编解码器: aac
分类: 📺央视频道, 名称: CCTV9, 有效: 1, IPv4: 5, IPv6: 0, 最小延迟: 9957 ms, 最高速率: 0.62 M/s, 平均速率: 0.62 M/s, 最高分辨率: 1920x1080, 平均帧率: 25.00, 视频编解码器: h264, 音频编解码器: aac
分类: 📺央视频道, 名称: CCTV10, 有效: 2, IPv4: 5, IPv6: 0, 最小延迟: 6345 ms, 最高速率: 0.73 M/s, 平均速率: 0.63 M/s, 最高分辨率: 1920x1080, 平均帧率: 25.00, 视频编解码器: h264, 音频编解码器: aac
分类: 📺央视频道, 名称: CCTV11, 有效: 1, IPv4: 5, IPv6: 0, 最小延迟: 7419 ms, 最高速率: 0.57 M/s, 平均速率: 0.57 M/s, 最高分辨率: 1920x1080, 平均帧率: 37.50, 视频编解码器: h264, 音频编解码器: aac
分类: 📺央视频道, 名称: CCTV12, 有效: 1, IPv4: 5, IPv6: 0, 最小延迟: 9085 ms, 最高速率: 0.59 M/s, 平均速率: 0.59 M/s, 最高分辨率: 1920x1080, 平均帧率: 37.50, 视频编解码器: hevc, 音频编解码器: aac
分类: 📺央视频道, 名称: CCTV13, 有效: 1, IPv4: 5, IPv6: 0, 最小延迟: 7790 ms, 最高速率: 0.57 M/s, 平均速率: 0.57 M/s, 最高分辨率: 1920x1080, 平均帧率: 37.50, 视频编解码器: hevc, 音频编解码器: aac
分类: 📺央视频道, 名称: CCTV15, 有效: 0, IPv4: 5, IPv6: 0, 最小延迟: 10387 ms, 最高速率: 0.20 M/s, 平均速率: 0.00 M/s, 最高分辨率: 1920x1080, 平均帧率: 37.50, 视频编解码器: h264, 音频编解码器: aac
分类: 📺央视频道, 名称: CCTV14, 有效: 1, IPv4: 5, IPv6: 0, 最小延迟: 10326 ms, 最高速率: 0.54 M/s, 平均速率: 0.54 M/s, 最高分辨率: 1920x1080, 平均帧率: 37.50, 视频编解码器: h264, 音频编解码器: aac
分类: 📺央视频道, 名称: CCTV17, 有效: 0, IPv4: 3, IPv6: 0, 最小延迟: 10672 ms, 最高速率: 0.34 M/s, 平均速率: 0.00 M/s, 最高分辨率: 1920x1080, 平均帧率: 50.00, 视频编解码器: h264, 音频编解码器: aac
分类: 📡卫视频道, 名称: 浙江卫视, 有效: 1, IPv4: 5, IPv6: 0, 最小延迟: 699 ms, 最高速率: 6.33 M/s, 平均速率: 6.33 M/s, 最高分辨率: 1920x1080, 平均帧率: 41.67, 视频编解码器: h264, 音频编解码器: aac
分类: 📡卫视频道, 名称: 湖南卫视, 有效: 2, IPv4: 8, IPv6: 0, 最小延迟: 556 ms, 最高速率: 4.62 M/s, 平均速率: 3.87 M/s, 最高分辨率: 1920x1080, 平均帧率: 31.25, 视频编解码器: h264, 音频编解码器: aac
分类: 📡卫视频道, 名称: 广东卫视, 有效: 2, IPv4: 7, IPv6: 0, 最小延迟: 664 ms, 最高速率: 6.09 M/s, 平均速率: 3.41 M/s, 最高分辨率: 1920x1080, 平均帧率: 41.67, 视频编解码器: h264, 音频编解码器: aac
分类: 📡卫视频道, 名称: 北京卫视, 有效: 2, IPv4: 6, IPv6: 0, 最小延迟: 704 ms, 最高速率: 5.51 M/s, 平均速率: 3.10 M/s, 最高分辨率: 1920x1080, 平均帧率: 37.50, 视频编解码器: h264, 音频编解码器: aac
分类: 📡卫视频道, 名称: 黑龙江卫视, 有效: 1, IPv4: 5, IPv6: 0, 最小延迟: 4315 ms, 最高速率: 0.81 M/s, 平均速率: 0.81 M/s, 最高分辨率: 1920x1080, 平均帧率: 50.00, 视频编解码器: h264, 音频编解码器: aac
分类: 📡卫视频道, 名称: 湖北卫视, 有效: 2, IPv4: 7, IPv6: 0, 最小延迟: 661 ms, 最高速率: 5.94 M/s, 平均速率: 3.35 M/s, 最高分辨率: 1920x1080, 平均帧率: 41.67, 视频编解码器: h264, 音频编解码器: aac
分类: 📡卫视频道, 名称: 安徽卫视, 有效: 1, IPv4: 5, IPv6: 0, 最小延迟: 9852 ms, 最高速率: 0.59 M/s, 平均速率: 0.59 M/s, 最高分辨率: 1920x1080, 平均帧率: 41.67, 视频编解码器: h264, 音频编解码器: aac
分类: 📡卫视频道, 名称: 重庆卫视, 有效: 2, IPv4: 7, IPv6: 0, 最小延迟: 671 ms, 最高速率: 6.21 M/s, 平均速率: 3.43 M/s, 最高分辨率: 1920x1080, 平均帧率: 40.00, 视频编解码器: h264, 音频编解码器: aac
分类: 📡卫视频道, 名称: 东方卫视, 有效: 3, IPv4: 7, IPv6: 0, 最小延迟: 648 ms, 最高速率: 6.30 M/s, 平均速率: 2.69 M/s, 最高分辨率: 1920x1080, 平均帧率: 35.00, 视频编解码器: h264, 音频编解码器: aac
分类: 📡卫视频道, 名称: 东南卫视, 有效: 2, IPv4: 7, IPv6: 0, 最小延迟: 991 ms, 最高速率: 4.50 M/s, 平均速率: 2.56 M/s, 最高分辨率: 1920x1080, 平均帧率: 43.75, 视频编解码器: h264, 音频编解码器: aac
分类: 📡卫视频道, 名称: 甘肃卫视, 有效: 0, IPv4: 4, IPv6: 0, 最小延迟: 10518 ms, 最高速率: 0.31 M/s, 平均速率: 0.00 M/s, 最高分辨率: 1920x1080, 平均帧率: 50.00, 视频编解码器: h264, 音频编解码器: aac
分类: 📡卫视频道, 名称: 广西卫视, 有效: 2, IPv4: 7, IPv6: 0, 最小延迟: 713 ms, 最高速率: 5.90 M/s, 平均速率: 3.28 M/s, 最高分辨率: 1920x1080, 平均帧率: 41.67, 视频编解码器: h264, 音频编解码器: aac
分类: 📡卫视频道, 名称: 贵州卫视, 有效: 0, IPv4: 6, IPv6: 0, 最小延迟: 10237 ms, 最高速率: 0.47 M/s, 平均速率: 0.00 M/s, 最高分辨率: 1920x1080, 平均帧率: 50.00, 视频编解码器: h264, 音频编解码器: aac
分类: 📡卫视频道, 名称: 海南卫视, 有效: 1, IPv4: 4, IPv6: 0, 最小延迟: 5599 ms, 最高速率: 0.70 M/s, 平均速率: 0.70 M/s, 最高分辨率: 1920x1080, 平均帧率: 50.00, 视频编解码器: h264, 音频编解码器: aac
分类: 📡卫视频道, 名称: 河北卫视, 有效: 1, IPv4: 6, IPv6: 0, 最小延迟: 9329 ms, 最高速率: 0.52 M/s, 平均速率: 0.52 M/s, 最高分辨率: 1920x1080, 平均帧率: 50.00, 视频编解码器: h264, 音频编解码器: aac
分类: 📡卫视频道, 名称: 河南卫视, 有效: 1, IPv4: 7, IPv6: 0, 最小延迟: 4788 ms, 最高速率: 1.08 M/s, 平均速率: 1.08 M/s, 最高分辨率: 1920x1080, 平均帧率: 50.00, 视频编解码器: h264, 音频编解码器: aac
分类: 📡卫视频道, 名称: 吉林卫视, 有效: 0, IPv4: 4, IPv6: 0, 最小延迟: 10188 ms, 最高速率: 0.23 M/s, 平均速率: 0.00 M/s, 最高分辨率: 1920x1080, 平均帧率: 50.00, 视频编解码器: h264, 音频编解码器: aac
分类: 📡卫视频道, 名称: 江苏卫视, 有效: 2, IPv4: 7, IPv6: 0, 最小延迟: 677 ms, 最高速率: 5.76 M/s, 平均速率: 3.33 M/s, 最高分辨率: 1920x1080, 平均帧率: 43.75, 视频编解码器: h264, 音频编解码器: aac
分类: 📡卫视频道, 名称: 江西卫视, 有效: 1, IPv4: 6, IPv6: 0, 最小延迟: 10193 ms, 最高速率: 0.60 M/s, 平均速率: 0.60 M/s, 最高分辨率: 1920x1080, 平均帧率: 50.00, 视频编解码器: h264, 音频编解码器: aac
分类: 📡卫视频道, 名称: 辽宁卫视, 有效: 1, IPv4: 7, IPv6: 0, 最小延迟: 726 ms, 最高速率: 5.82 M/s, 平均速率: 5.82 M/s, 最高分辨率: 1920x1080, 平均帧率: 43.75, 视频编解码器: h264, 音频编解码器: aac
分类: 📡卫视频道, 名称: 内蒙古卫视, 有效: 0, IPv4: 4, IPv6: 0, 最小延迟: 7806 ms, 最高速率: 0.30 M/s, 平均速率: 0.00 M/s, 最高分辨率: 720x576, 平均帧率: 37.50, 视频编解码器: h264, 音频编解码器: aac
分类: 📡卫视频道, 名称: 宁夏卫视, 有效: 0, IPv4: 4, IPv6: 0, 最小延迟: 7504 ms, 最高速率: 0.40 M/s, 平均速率: 0.00 M/s, 最高分辨率: 720x576, 平均帧率: 37.50, 视频编解码器: h264, 音频编解码器: aac
分类: 📡卫视频道, 名称: 青海卫视, 有效: 1, IPv4: 5, IPv6: 0, 最小延迟: 657 ms, 最高速率: 6.23 M/s, 平均速率: 6.23 M/s, 最高分辨率: 1920x1080, 平均帧率: 33.33, 视频编解码器: h264, 音频编解码器: aac
分类: 📡卫视频道, 名称: 山东卫视, 有效: 2, IPv4: 7, IPv6: 0, 最小延迟: 686 ms, 最高速率: 6.25 M/s, 平均速率: 3.47 M/s, 最高分辨率: 1920x1080, 平均帧率: 41.67, 视频编解码器: h264, 音频编解码器: aac
分类: 📡卫视频道, 名称: 山西卫视, 有效: 1, IPv4: 6, IPv6: 0, 最小延迟: 8311 ms, 最高速率: 0.59 M/s, 平均速率: 0.59 M/s, 最高分辨率: 1920x1080, 平均帧率: 50.00, 视频编解码器: h264, 音频编解码器: aac
分类: 📡卫视频道, 名称: 陕西卫视, 有效: 2, IPv4: 6, IPv6: 0, 最小延迟: 719 ms, 最高速率: 6.46 M/s, 平均速率: 6.27 M/s, 最高分辨率: 1920x1080, 平均帧率: 37.50, 视频编解码器: h264, 音频编解码器: aac
分类: 📡卫视频道, 名称: 三沙卫视, 有效: 1, IPv4: 3, IPv6: 0, 最小延迟: 2153 ms, 最高速率: 2.43 M/s, 平均速率: 2.43 M/s, 最高分辨率: 1920x1080, 平均帧率: 25.00, 视频编解码器: h264, 音频编解码器: aac
分类: 📡卫视频道, 名称: 四川卫视, 有效: 1, IPv4: 6, IPv6: 0, 最小延迟: 7322 ms, 最高速率: 0.72 M/s, 平均速率: 0.72 M/s, 最高分辨率: 1920x1080, 平均帧率: 41.67, 视频编解码器: h264, 音频编解码器: aac
分类: 📡卫视频道, 名称: 深圳卫视, 有效: 2, IPv4: 7, IPv6: 0, 最小延迟: 627 ms, 最高速率: 5.59 M/s, 平均速率: 3.92 M/s, 最高分辨率: 1920x1080, 平均帧率: 35.99, 视频编解码器: h264, 音频编解码器: aac
分类: 📡卫视频道, 名称: 天津卫视, 有效: 2, IPv4: 5, IPv6: 0, 最小延迟: 891 ms, 最高速率: 4.35 M/s, 平均速率: 2.45 M/s, 最高分辨率: 1920x1080, 平均帧率: 41.67, 视频编解码器: h264, 音频编解码器: aac
分类: 📡卫视频道, 名称: 西藏卫视, 有效: 0, IPv4: 4, IPv6: 0, 最小延迟: 10312 ms, 最高速率: 0.30 M/s, 平均速率: 0.00 M/s, 最高分辨率: 1920x1080, 平均帧率: 37.50, 视频编解码器: h264, 音频编解码器: aac
分类: 📡卫视频道, 名称: 新疆卫视, 有效: 0, IPv4: 4, IPv6: 0, 最小延迟: 10400 ms, 最高速率: 0.41 M/s, 平均速率: 0.00 M/s, 最高分辨率: 1920x1080, 平均帧率: 37.50, 视频编解码器: h264, 音频编解码器: aac
分类: ☘️河南频道, 名称: 河南法治, 有效: 0, IPv4: 2, IPv6: 0, 最小延迟: -1 ms, 最高速率: 0.00 M/s, 平均速率: 0.00 M/s, 最高分辨率: None, 平均帧率: 未知, 视频编解码器: 未知, 音频编解码器: 未知
分类: ☘️河南频道, 名称: 河南民生, 有效: 1, IPv4: 4, IPv6: 0, 最小延迟: 6290 ms, 最高速率: 0.59 M/s, 平均速率: 0.59 M/s, 最高分辨率: 1920x1080, 平均帧率: 50.00, 视频编解码器: h264, 音频编解码器: aac
分类: 📡卫视频道, 名称: 云南卫视, 有效: 0, IPv4: 6, IPv6: 0, 最小延迟: 10423 ms, 最高速率: 0.17 M/s, 平均速率: 0.00 M/s, 最高分辨率: 1920x1080, 平均帧率: 50.00, 视频编解码器: h264, 音频编解码器: aac
分类: ☘️河南频道, 名称: 河南都市, 有效: 0, IPv4: 4, IPv6: 0, 最小延迟: 10784 ms, 最高速率: 0.12 M/s, 平均速率: 0.00 M/s, 最高分辨率: None, 平均帧率: 未知, 视频编解码器: 未知, 音频编解码器: 未知
分类: 电影频道, 名称: 经典电影, 有效: 0, IPv4: 2, IPv6: 0, 最小延迟: -1 ms, 最高速率: 0.00 M/s, 平均速率: 0.00 M/s, 最高分辨率: None, 平均帧率: 未知, 视频编解码器: 未知, 音频编解码器: 未知
分类: 电影频道, 名称: 周星驰电影, 有效: 1, IPv4: 1, IPv6: 0, 最小延迟: 844 ms, 最高速率: 6.56 M/s, 平均速率: 6.56 M/s, 最高分辨率: 1920x1080, 平均帧率: 25.00, 视频编解码器: h264, 音频编解码器: aac
分类: 电影频道, 名称: 林正英影院, 有效: 1, IPv4: 1, IPv6: 0, 最小延迟: 692 ms, 最高速率: 4.14 M/s, 平均速率: 4.14 M/s, 最高分辨率: 1290x720, 平均帧率: 25.00, 视频编解码器: h264, 音频编解码器: aac
分类: ☘️河南频道, 名称: 河南电视剧, 有效: 0, IPv4: 3, IPv6: 0, 最小延迟: 10828 ms, 最高速率: 0.13 M/s, 平均速率: 0.00 M/s, 最高分辨率: 1920x1080, 平均帧率: 50.00, 视频编解码器: h264, 音频编解码器: aac
分类: 电影频道, 名称: CHC动作电影, 有效: 1, IPv4: 1, IPv6: 0, 最小延迟: 1047 ms, 最高速率: 1.11 M/s, 平均速率: 1.11 M/s, 最高分辨率: 1920x1080, 平均帧率: 25.00, 视频编解码器: h264, 音频编解码器: aac
分类: 电影频道, 名称: CHC家庭影院, 有效: 1, IPv4: 1, IPv6: 0, 最小延迟: 1461 ms, 最高速率: 1.09 M/s, 平均速率: 1.09 M/s, 最高分辨率: 1920x1080, 平均帧率: 25.00, 视频编解码器: h264, 音频编解码器: aac
分类: ☘️河南频道, 名称: 河南新闻, 有效: 0, IPv4: 3, IPv6: 0, 最小延迟: 10412 ms, 最高速率: 0.19 M/s, 平均速率: 0.00 M/s, 最高分辨率: 1920x1080, 平均帧率: 50.00, 视频编解码器: h264, 音频编解码器: aac
分类: ☘️河南频道, 名称: 河南公共, 有效: 1, IPv4: 3, IPv6: 0, 最小延迟: 10037 ms, 最高速率: 0.57 M/s, 平均速率: 0.57 M/s, 最高分辨率: 1920x1080, 平均帧率: 50.00, 视频编解码器: h264, 音频编解码器: aac
分类: 其他频道, 名称: 哈哈炫动, 有效: 0, IPv4: 1, IPv6: 0, 最小延迟: 4947 ms, 最高速率: 0.54 M/s, 平均速率: 0.00 M/s, 最高分辨率: 720x576, 平均帧率: 50.00, 视频编解码器: h264, 音频编解码器: aac
分类: ☘️河南频道, 名称: 河南戏曲, 有效: 0, IPv4: 1, IPv6: 0, 最小延迟: 10365 ms, 最高速率: 0.12 M/s, 平均速率: 0.00 M/s, 最高分辨率: 1920x1080, 平均帧率: 25.00, 视频编解码器: h264, 音频编解码器: aac
分类: 其他频道, 名称: 老故事, 有效: 0, IPv4: 1, IPv6: 0, 最小延迟: 1142 ms, 最高速率: 2.26 M/s, 平均速率: 0.00 M/s, 最高分辨率: 720x576, 平均帧率: 25.00, 视频编解码器: h264, 音频编解码器: aac
分类: 电视剧集, 名称: 康熙微服私访记, 有效: 1, IPv4: 1, IPv6: 0, 最小延迟: 85 ms, 最高速率: 10.76 M/s, 平均速率: 10.76 M/s, 最高分辨率: 1280x720, 平均帧率: 60.00, 视频编解码器: h264, 音频编解码器: aac
分类: 电视剧集, 名称: 西游记续集, 有效: 1, IPv4: 1, IPv6: 0, 最小延迟: 87 ms, 最高速率: 1.49 M/s, 平均速率: 1.49 M/s, 最高分辨率: 1280x720, 平均帧率: 30.00, 视频编解码器: h264, 音频编解码器: aac
分类: 其他频道, 名称: 嘉佳卡通, 有效: 0, IPv4: 3, IPv6: 0, 最小延迟: 10360 ms, 最高速率: 0.23 M/s, 平均速率: 0.00 M/s, 最高分辨率: 720x576, 平均帧率: 50.00, 视频编解码器: h264, 音频编解码器: aac
分类: 其他频道, 名称: 优漫卡通, 有效: 0, IPv4: 1, IPv6: 0, 最小延迟: 10316 ms, 最高速率: 0.11 M/s, 平均速率: 0.00 M/s, 最高分辨率: 720x576, 平均帧率: 50.00, 视频编解码器: h264, 音频编解码器: aac
分类: 其他频道, 名称: 金鹰卡通, 有效: 0, IPv4: 5, IPv6: 0, 最小延迟: 10657 ms, 最高速率: 0.21 M/s, 平均速率: 0.00 M/s, 最高分辨率: 1920x1080, 平均帧率: 50.00, 视频编解码器: h264, 音频编解码器: aac
