zhiboyuan/py/iptv源收集检测/主频道/专享频道/♪酒店高清.txt at 55c15c5e4bf0dbfe861e21d14164c300852d874b · ccjj800/zhiboyuan · GitHub


















































Skip to content













Navigation Menu

Toggle navigation




 













            Sign in
          


 


Appearance settings











PlatformAI CODE CREATIONGitHub CopilotWrite better code with AIGitHub SparkBuild and deploy intelligent appsGitHub ModelsManage and compare promptsMCP RegistryNewIntegrate external toolsDEVELOPER WORKFLOWSActionsAutomate any workflowCodespacesInstant dev environmentsIssuesPlan and track workCode ReviewManage code changesAPPLICATION SECURITYGitHub Advanced SecurityFind and fix vulnerabilitiesCode securitySecure your code as you buildSecret protectionStop leaks before they startEXPLOREWhy GitHubDocumentationBlogChangelogMarketplaceView all featuresSolutionsBY COMPANY SIZEEnterprisesSmall and medium teamsStartupsNonprofitsBY USE CASEApp ModernizationDevSecOpsDevOpsCI/CDView all use casesBY INDUSTRYHealthcareFinancial servicesManufacturingGovernmentView all industriesView all solutionsResourcesEXPLORE BY TOPICAISoftware DevelopmentDevOpsSecurityView all topicsEXPLORE BY TYPECustomer storiesEvents & webinarsEbooks & reportsBusiness insightsGitHub SkillsSUPPORT & SERVICESDocumentationCustomer supportCommunity forumTrust centerPartnersView all resourcesOpen SourceCOMMUNITYGitHub SponsorsFund open source developersPROGRAMSSecurity LabMaintainer CommunityAcceleratorGitHub StarsArchive ProgramREPOSITORIESTopicsTrendingCollectionsEnterpriseENTERPRISE SOLUTIONSEnterprise platformAI-powered developer platformAVAILABLE ADD-ONSGitHub Advanced SecurityEnterprise-grade security featuresCopilot for BusinessEnterprise-grade AI featuresPremium SupportEnterprise-grade 24/7 supportPricing










Search or jump to...







Search code,repositories, users, issues, pull requests...
Search
      














Clear
 

















































 



Search syntax tips 














        Provide feedback
      









 
We read every piece of feedback,and take your input very seriously.
Include my email address so I can be contacted


     Cancel

    Submit feedback










        Saved searches
      
Use saved searches to filter your results more quickly









 





Name






Query



            To see all available qualifiers,see our documentation.
Cancel

    Create saved search








                Sign in
              


                Sign up
              


 


Appearance settings



Resetting focus









You signed in with another tab or window. Reload to refresh your session.
You signed out in another tab or window. Reload to refresh your session.
You switched accounts on another tab or window. Reload to refresh your session.
 


Dismiss alert


















        ccjj800
 
/

zhiboyuan

Public


      forked from adminouyang/dszby





 

Notifications
 You must be signed in to change notification settings


 

Fork
    0




 


          Star
 0














Code







Pull requests
0






Actions







Projects







Security and quality
0






Insights



 

 


Additional navigation options


 










          Code











          Pull requests











          Actions











          Projects











          Security and quality











          Insights






 







   FilesExpand file tree 55c15c5e4bf0dbfe861e21d14164c300852d874bBreadcrumbszhiboyuan/py/iptv源收集检测/主频道/专享频道/♪酒店高清.txtCopy pathBlameMore file actionsBlameMore file actions Latest commit HistoryHistoryHistory261 lines (260 loc) · 22.3 KB 55c15c5Breadcrumbszhiboyuan/py/iptv源收集检测/主频道/专享频道/♪酒店高清.txtTopFile metadata and controlsCodeBlame261 lines (260 loc) · 22.3 KBRawCopy raw fileDownload raw fileOpen symbols panelEdit and raw actions123456789101112131415161718192021222324252627282930313233343536373839404142434445464748495051525354555657585960616263646566676869707172737475767778798081828384858687888990919293949596979899100101102103104105106107108109110111112113114115116117118119120121122123124125126127128129130131132133134135136137138139140141142143144145146147148149150151152153154155156157158159160161162163164165166167168169170171172173174175176177178179180181182183184185186187188189190191192193194195196197198199200201202203204205206207208209210211212213214215216217218219220221222223224225226227228229230231232233234235236237238239240241242243244245246247248249250251252253254255256257258259260261CCTV1,http://221.13.234.255:9901/tsfile/live/0001_1.m3u8?key=txiptv&playlive=1&authid=0CCTV1,http://221.13.235.135:9901/tsfile/live/0001_1.m3u8?key=txiptv&playlive=1&authid=0CCTV1,http://221.13.234.197:9901/tsfile/live/0001_1.m3u8?key=txiptv&playlive=1&authid=0CCTV1,http://221.13.235.74:9901/tsfile/live/0001_1.m3u8?key=txiptv&playlive=1&authid=0CCTV1,http://59.32.97.72:9901/tsfile/live/0001_1.m3u8?key=txiptv&playlive=1&authid=0CCTV1,http://221.13.234.163:9901/tsfile/live/0001_1.m3u8?key=txiptv&playlive=1&authid=0CCTV2,http://221.13.235.74:9901/tsfile/live/0002_1.m3u8?key=txiptv&playlive=1&authid=0CCTV2,http://221.13.234.197:9901/tsfile/live/0002_1.m3u8?key=txiptv&playlive=1&authid=0CCTV2,http://221.13.234.255:9901/tsfile/live/0002_1.m3u8?key=txiptv&playlive=1&authid=0CCTV2,http://221.13.234.163:9901/tsfile/live/0002_1.m3u8?key=txiptv&playlive=1&authid=0CCTV2,http://221.13.235.135:9901/tsfile/live/0002_1.m3u8?key=txiptv&playlive=1&authid=0CCTV3,http://221.13.235.74:9901/tsfile/live/0003_1.m3u8?key=txiptv&playlive=1&authid=0CCTV3,http://221.13.234.255:9901/tsfile/live/0003_1.m3u8?key=txiptv&playlive=1&authid=0CCTV3,http://221.13.234.197:9901/tsfile/live/0003_1.m3u8?key=txiptv&playlive=1&authid=0CCTV3,http://221.13.235.135:9901/tsfile/live/0003_1.m3u8?key=txiptv&playlive=1&authid=0CCTV3,http://221.13.234.163:9901/tsfile/live/0003_1.m3u8?key=txiptv&playlive=1&authid=0CCTV4,http://221.13.235.135:9901/tsfile/live/0004_1.m3u8?key=txiptv&playlive=1&authid=0CCTV4,http://221.13.235.74:9901/tsfile/live/0004_1.m3u8?key=txiptv&playlive=1&authid=0CCTV4,http://221.13.234.163:9901/tsfile/live/0004_1.m3u8?key=txiptv&playlive=1&authid=0CCTV4,http://221.13.234.197:9901/tsfile/live/0004_1.m3u8?key=txiptv&playlive=1&authid=0CCTV4,http://59.32.97.72:9901/tsfile/live/0004_1.m3u8?key=txiptv&playlive=1&authid=0CCTV5,http://221.13.234.163:9901/tsfile/live/0005_1.m3u8?key=txiptv&playlive=1&authid=0CCTV5,http://221.13.235.74:9901/tsfile/live/0005_1.m3u8?key=txiptv&playlive=1&authid=0CCTV5,http://221.13.234.255:9901/tsfile/live/0005_1.m3u8?key=txiptv&playlive=1&authid=0CCTV5,http://221.13.235.135:9901/tsfile/live/0005_1.m3u8?key=txiptv&playlive=1&authid=0CCTV5,http://221.13.234.197:9901/tsfile/live/0005_1.m3u8?key=txiptv&playlive=1&authid=0CCTV5,http://59.32.97.72:9901/tsfile/live/0005_1.m3u8?key=txiptv&playlive=1&authid=0CCTV6,http://221.13.234.255:9901/tsfile/live/0006_1.m3u8?key=txiptv&playlive=1&authid=0CCTV6,http://221.13.235.135:9901/tsfile/live/0006_1.m3u8?key=txiptv&playlive=1&authid=0CCTV6,http://221.13.235.74:9901/tsfile/live/0006_1.m3u8?key=txiptv&playlive=1&authid=0CCTV6,http://221.13.234.197:9901/tsfile/live/0006_1.m3u8?key=txiptv&playlive=1&authid=0CCTV6,http://221.13.234.163:9901/tsfile/live/0006_1.m3u8?key=txiptv&playlive=1&authid=0CCTV6,http://59.32.97.72:9901/tsfile/live/0006_1.m3u8?key=txiptv&playlive=1&authid=0CCTV7,http://221.13.234.255:9901/tsfile/live/0007_1.m3u8?key=txiptv&playlive=1&authid=0CCTV7,http://221.13.234.197:9901/tsfile/live/0007_1.m3u8?key=txiptv&playlive=1&authid=0CCTV7,http://221.13.235.135:9901/tsfile/live/0007_1.m3u8?key=txiptv&playlive=1&authid=0CCTV7,http://221.13.235.74:9901/tsfile/live/0007_1.m3u8?key=txiptv&playlive=1&authid=0CCTV7,http://221.13.234.163:9901/tsfile/live/0007_1.m3u8?key=txiptv&playlive=1&authid=0CCTV8,http://221.13.234.197:9901/tsfile/live/0008_1.m3u8?key=txiptv&playlive=1&authid=0CCTV8,http://221.13.235.74:9901/tsfile/live/0008_1.m3u8?key=txiptv&playlive=1&authid=0CCTV8,http://125.42.150.102:9901/tsfile/live/1008_1.m3u8?key=txiptv&playlive=1&authid=0CCTV8,http://221.13.235.135:9901/tsfile/live/0008_1.m3u8?key=txiptv&playlive=1&authid=0CCTV8,http://221.13.234.163:9901/tsfile/live/0008_1.m3u8?key=txiptv&playlive=1&authid=0CCTV8,http://221.13.234.255:9901/tsfile/live/0008_1.m3u8?key=txiptv&playlive=1&authid=0CCTV9,http://221.13.235.74:9901/tsfile/live/0009_1.m3u8?key=txiptv&playlive=1&authid=0CCTV9,http://221.13.234.163:9901/tsfile/live/1005_1.m3u8?key=txiptv&playlive=1&authid=0CCTV9,http://125.42.150.102:9901/tsfile/live/1005_1.m3u8?key=txiptv&playlive=1&authid=0CCTV9,http://221.13.234.255:9901/tsfile/live/1005_1.m3u8?key=txiptv&playlive=1&authid=0CCTV9,http://221.13.234.197:9901/tsfile/live/1005_1.m3u8?key=txiptv&playlive=1&authid=0CCTV9,http://221.13.235.135:9901/tsfile/live/1005_1.m3u8?key=txiptv&playlive=1&authid=0CCTV9,http://59.32.97.72:9901/tsfile/live/0009_1.m3u8?key=txiptv&playlive=1&authid=0CCTV10,http://221.13.235.74:9901/tsfile/live/0010_1.m3u8?key=txiptv&playlive=1&authid=0CCTV10,http://221.13.234.255:9901/tsfile/live/0010_1.m3u8?key=txiptv&playlive=1&authid=0CCTV10,http://221.13.234.163:9901/tsfile/live/0010_1.m3u8?key=txiptv&playlive=1&authid=0CCTV10,http://221.13.234.197:9901/tsfile/live/0010_1.m3u8?key=txiptv&playlive=1&authid=0CCTV11,http://221.13.235.74:9901/tsfile/live/0011_1.m3u8?key=txiptv&playlive=1&authid=0CCTV11,http://59.32.97.72:9901/tsfile/live/0011_1.m3u8?key=txiptv&playlive=1&authid=0CCTV11,http://221.13.234.163:9901/tsfile/live/0011_1.m3u8?key=txiptv&playlive=1&authid=0CCTV11,http://221.13.235.135:9901/tsfile/live/0011_1.m3u8?key=txiptv&playlive=1&authid=0CCTV11,http://221.13.234.255:9901/tsfile/live/0011_1.m3u8?key=txiptv&playlive=1&authid=0CCTV12,http://221.13.235.135:9901/tsfile/live/0012_1.m3u8?key=txiptv&playlive=1&authid=0CCTV12,http://221.13.235.74:9901/tsfile/live/0012_1.m3u8?key=txiptv&playlive=1&authid=0CCTV12,http://221.13.234.255:9901/tsfile/live/0012_1.m3u8?key=txiptv&playlive=1&authid=0CCTV12,http://221.13.234.163:9901/tsfile/live/0012_1.m3u8?key=txiptv&playlive=1&authid=0CCTV12,http://59.32.97.72:9901/tsfile/live/0012_1.m3u8?key=txiptv&playlive=1&authid=0CCTV12,http://125.42.150.102:9901/tsfile/live/1011_1.m3u8?key=txiptv&playlive=1&authid=0CCTV13,http://59.32.97.72:9901/tsfile/live/0013_1.m3u8?key=txiptv&playlive=1&authid=0CCTV13,http://125.42.150.102:9901/tsfile/live/1012_1.m3u8?key=txiptv&playlive=1&authid=0CCTV13,http://221.13.235.74:9901/tsfile/live/0013_1.m3u8?key=txiptv&playlive=1&authid=0CCTV13,http://221.13.234.163:9901/tsfile/live/0013_1.m3u8?key=txiptv&playlive=1&authid=0CCTV14,http://221.13.235.74:9901/tsfile/live/0014_1.m3u8?key=txiptv&playlive=1&authid=0CCTV14,http://221.13.235.135:9901/tsfile/live/0014_1.m3u8?key=txiptv&playlive=1&authid=0CCTV14,http://221.13.234.197:9901/tsfile/live/0014_1.m3u8?key=txiptv&playlive=1&authid=0CCTV14,http://221.13.234.255:9901/tsfile/live/0014_1.m3u8?key=txiptv&playlive=1&authid=0CCTV14,http://221.13.234.163:9901/tsfile/live/0014_1.m3u8?key=txiptv&playlive=1&authid=0CCTV14,http://125.42.150.102:9901/tsfile/live/1013_1.m3u8?key=txiptv&playlive=1&authid=0CCTV15,http://221.13.234.255:9901/tsfile/live/0015_1.m3u8?key=txiptv&playlive=1&authid=0CCTV15,http://221.13.235.74:9901/tsfile/live/0015_1.m3u8?key=txiptv&playlive=1&authid=0CCTV15,http://221.13.234.163:9901/tsfile/live/0015_1.m3u8?key=txiptv&playlive=1&authid=0CCTV15,http://221.13.234.197:9901/tsfile/live/0015_1.m3u8?key=txiptv&playlive=1&authid=0CCTV15,http://59.32.97.72:9901/tsfile/live/0015_1.m3u8?key=txiptv&playlive=1&authid=0CCTV17,http://59.32.97.72:9901/tsfile/live/0016_1.m3u8?key=txiptv&playlive=1&authid=0CCTV怀旧剧场,http://59.32.97.72:9901/tsfile/live/1006_1.m3u8?key=txiptv&playlive=1&authid=0CCTV第一剧场,http://59.32.97.72:9901/tsfile/live/1040_1.m3u8?key=txiptv&playlive=1&authid=0
Footer








        © 2026 GitHub,Inc.
